[2026-06-17T07:13:26.183Z] Starting conversion for volume: 081c2ca3-0d43-4d8e-8d25-e735a2d954b1
[STDERR] When loading module  "CropVolume" , the dependency "ResampleScalarVectorDWIVolume" failed to be loaded.

[STDOUT] qSlicerMarkupsModulePrivate::addToolBar: no main window is available, toolbar is not added

[STDOUT] qSlicerSequencesModulePrivate::addToolBar: no main window is available, toolbar is not added

[STDERR] Traceback (most recent call last):
  File "C:/Users/igrs/AppData/Local/slicer.org/3D Slicer 5.10.0/slicer.org/Extensions-34045/SlicerHeart/lib/Slicer-5.10/qt-scripted-modules/ValveAnnulusAnalysis.py", line 115, in initializeHeartValveLib

[STDERR]     HeartValveLib.setup(usPresetsScenePath)
  File "C:\Users\igrs\AppData\Local\slicer.org\3D Slicer 5.10.0\slicer.org\Extensions-34045\SlicerHeart\lib\Slicer-5.10\qt-scripted-modules\HeartValveLib\HeartValves.py", line 22, in setup

[STDERR]     registerCustomLayouts()

[STDERR]   File "C:\Users\igrs\AppData\Local\slicer.org\3D Slicer 5.10.0\slicer.org\Extensions-34045\SlicerHeart\lib\Slicer-5.10\qt-scripted-modules\HeartValveLib\HeartValves.py", line 132, in registerCustomLayouts
    layoutManager.layoutLogic().GetLayoutNode().AddLayoutDescription(CardiacFourUpViewLayoutId, customLayout)

[STDERR]     ^^^^^^^^^^^^^^^^^^^^^^^^^

[STDERR] AttributeError: 'NoneType' object has no attribute 'layoutLogic'

[STDERR] Traceback (most recent call last):

[STDERR]   File "C:/Users/igrs/AppData/Local/slicer.org/3D Slicer 5.10.0/slicer.org/Extensions-34045/SlicerHeart/lib/Slicer-5.10/qt-scripted-modules/VirtualCathLab.py", line 57, in onStartupCompleted

[STDERR]     VirtualCathLabLogic.addViewLayouts()

[STDERR]   File "C:/Users/igrs/AppData/Local/slicer.org/3D Slicer 5.10.0/slicer.org/Extensions-34045/SlicerHeart/lib/Slicer-5.10/qt-scripted-modules/VirtualCathLab.py", line 654, in addViewLayouts
    layoutLogic = layoutManager.layoutLogic()

[STDERR]                   ^^^^^^^^^^^^^^^^^^^^^^^^^
AttributeError: 'NoneType' object has no attribute 'layoutLogic'

[STDOUT] [2026-06-17 12:43:49] Script starting...

[STDOUT] [2026-06-17 12:43:49] === Kretz VOL to NIFTI Conversion (with Supabase Upload) ===

[STDOUT] [2026-06-17 12:43:49] Volume ID: 081c2ca3-0d43-4d8e-8d25-e735a2d954b1

[STDOUT] [2026-06-17 12:43:49] Input file: C:\Users\igrs\project-anu\Vol-conversion\temp_downloads\081c2ca3-0d43-4d8e-8d25-e735a2d954b1_Face Profile_I0000085.vol

[STDOUT] [2026-06-17 12:43:49] Volume name: FL

[STDOUT] [2026-06-17 12:43:49] Available Kretz-related modules: ['kretzfilereader']

[STDOUT] [2026-06-17 12:43:49] ✅ Kretz file reader modules foun
[STDOUT] [2026-06-17 12:43:49] Input file size: 46839091 bytes
[2026-06-17 12:43:49] Temporary output: C:\Users\igrs\project-anu\Vol-conversion\temp_nifti\081c2ca3-0d43-4d8e-8d25-e735a2d954b1_081c2ca3-0d43-4d8e-8d25-e735a2d954b1_Face Profile_I0000085.nii
[2026-06-17 12:43:49] Attempting to load Kretz VOL file...

[STDOUT] "GE Kretz ultrasound volume" Reader has successfully read the file "C:\\Users\\igrs\\project-anu\\Vol-conversion\\temp_downloads\\081c2ca3-0d43-4d8e-8d25-e735a2d954b1_Face Profile_I0000085.vol" "[10.89s]"

[STDOUT] [2026-06-17 12:44:00] ✅ Successfully loaded: F
[STDOUT] [2026-06-17 12:44:00] Node class: vtkMRMLScalarVolumeNode

[STDOUT] [2026-06-17 12:44:00] Image dimensions: (384, 350, 295)

[STDOUT] [2026-06-17 12:44:00] Saving as NIFTI...

[STDOUT] [2026-06-17 12:44:00] Cleaned up volume node

[STDOUT] [2026-06-17 12:44:00] ✅ NIFTI saved locally: 39648352 byte
[STDOUT] [2026-06-17 12:44:00] 📤 Starting upload to Supabase..
[STDOUT] [2026-06-17 12:44:00] Initializing Supabase client...

[STDOUT] [2026-06-17 12:44:01] Uploading to Supabase: converted_vol_files/081c2ca3-0d43-4d8e-8d25-e735a2d954b1_081c2ca3-0d43-4d8e-8d25-e735a2d954b1_Face Profile_I0000085.nii

[STDOUT] Storage endpoint URL should have a trailing slash.

